/usr/include/newlib/c++/13.2.1/arm-none-eabi/thumb/v8-m.main+fp/hard/bits/gthr-default.h:229:1:int __gthread_key_delete(__gthread_key_t)	16	static
mw/tensorflow/tensorflow/lite/micro/kernels/pack.cc:74:14:TfLiteStatus tflite::ops::micro::pack::{anonymous}::Eval(TfLiteContext*, TfLiteNode*)	32	static
mw/tensorflow/tensorflow/lite/micro/kernels/pack.cc:111:20:TfLiteRegistration tflite::ops::micro::Register_PACK()	24	static
mw/tensorflow/tensorflow/lite/micro/kernels/pack.cc:31:14:TfLiteStatus tflite::ops::micro::pack::{anonymous}::PackImpl(TfLiteContext*, TfLiteNode*, TfLiteEvalTensor*, int, int) [with T = float]	104	static
mw/tensorflow/tensorflow/lite/micro/kernels/pack.cc:31:14:TfLiteStatus tflite::ops::micro::pack::{anonymous}::PackImpl(TfLiteContext*, TfLiteNode*, TfLiteEvalTensor*, int, int) [with T = signed char]	104	static
mw/tensorflow/tensorflow/lite/micro/kernels/pack.cc:31:14:TfLiteStatus tflite::ops::micro::pack::{anonymous}::PackImpl(TfLiteContext*, TfLiteNode*, TfLiteEvalTensor*, int, int) [with T = long int]	104	static
mw/tensorflow/tensorflow/lite/micro/kernels/pack.cc:31:14:TfLiteStatus tflite::ops::micro::pack::{anonymous}::PackImpl(TfLiteContext*, TfLiteNode*, TfLiteEvalTensor*, int, int) [with T = long long int]	104	static
mw/tensorflow/tensorflow/lite/micro/kernels/kernel_util.h:64:4:T* tflite::micro::GetTensorData(TfLiteEvalTensor*) [with T = float]	16	static
mw/tensorflow/tensorflow/lite/micro/kernels/kernel_util.h:71:10:const T* tflite::micro::GetTensorData(const TfLiteEvalTensor*) [with T = float]	16	static
mw/tensorflow/tensorflow/lite/micro/kernels/kernel_util.h:64:4:T* tflite::micro::GetTensorData(TfLiteEvalTensor*) [with T = signed char]	16	static
mw/tensorflow/tensorflow/lite/micro/kernels/kernel_util.h:71:10:const T* tflite::micro::GetTensorData(const TfLiteEvalTensor*) [with T = signed char]	16	static
mw/tensorflow/tensorflow/lite/micro/kernels/kernel_util.h:64:4:T* tflite::micro::GetTensorData(TfLiteEvalTensor*) [with T = long int]	16	static
mw/tensorflow/tensorflow/lite/micro/kernels/kernel_util.h:71:10:const T* tflite::micro::GetTensorData(const TfLiteEvalTensor*) [with T = long int]	16	static
mw/tensorflow/tensorflow/lite/micro/kernels/kernel_util.h:64:4:T* tflite::micro::GetTensorData(TfLiteEvalTensor*) [with T = long long int]	16	static
mw/tensorflow/tensorflow/lite/micro/kernels/kernel_util.h:71:10:const T* tflite::micro::GetTensorData(const TfLiteEvalTensor*) [with T = long long int]	16	static
