mw/tensorflow/tensorflow/lite/kernels/internal/runtime_shape.h:56:3:tflite::RuntimeShape::~RuntimeShape()	16	static
mw/tensorflow/tensorflow/lite/kernels/internal/runtime_shape.h:58:11:int32_t tflite::RuntimeShape::DimensionsCount() const	16	static
mw/tensorflow/tensorflow/lite/kernels/internal/runtime_shape.h:59:11:int32_t tflite::RuntimeShape::Dims(int) const	16	static
mw/tensorflow/tensorflow/lite/kernels/internal/runtime_shape.h:75:18:const int32_t* tflite::RuntimeShape::DimsData() const	16	static
mw/tensorflow/tensorflow/lite/kernels/internal/types.h:263:12:int tflite::MatchingDim(const RuntimeShape&, int, const RuntimeShape&, int)	40	static
mw/tensorflow/tensorflow/lite/kernels/internal/types.h:518:12:int tflite::FlatSizeSkipDim(const RuntimeShape&, int)	32	static
mw/tensorflow/tensorflow/lite/kernels/internal/types.h:530:12:int tflite::MatchingFlatSizeSkipDim(const RuntimeShape&, int, const RuntimeShape&)	40	static
/usr/include/newlib/c++/13.2.1/cmath:215:3:constexpr float std::exp(float)	16	static
/usr/include/newlib/c++/13.2.1/limits:525:7:static constexpr signed char std::numeric_limits<signed char>::min()	4	static
/usr/include/newlib/c++/13.2.1/limits:528:7:static constexpr signed char std::numeric_limits<signed char>::max()	4	static
/usr/include/newlib/c++/13.2.1/limits:925:7:static constexpr short int std::numeric_limits<short int>::min()	4	static
/usr/include/newlib/c++/13.2.1/limits:928:7:static constexpr short int std::numeric_limits<short int>::max()	4	static
/usr/include/newlib/c++/13.2.1/limits:1204:7:static constexpr long int std::numeric_limits<long int>::min()	4	static
/usr/include/newlib/c++/13.2.1/limits:1207:7:static constexpr long int std::numeric_limits<long int>::max()	4	static
mw/third_party/gemmlowp/fixedpoint/fixedpoint.h:236:21:IntegerType gemmlowp::RoundingHalfSum(IntegerType, IntegerType) [with IntegerType = long int]	80	static
mw/third_party/gemmlowp/fixedpoint/fixedpoint.h:329:21:IntegerType gemmlowp::SaturatingRoundingDoublingHighMul(IntegerType, IntegerType) [with IntegerType = long int]	104	static
mw/tensorflow/tensorflow/lite/kernels/internal/common.h:246:16:int32_t tflite::MultiplyByQuantizedMultiplierGreaterThanOne(int32_t, int32_t, int)	24	static
mw/tensorflow/tensorflow/lite/kernels/internal/common.h:253:16:int32_t tflite::MultiplyByQuantizedMultiplier(int32_t, int32_t, int)	32	static
mw/tensorflow/tensorflow/lite/kernels/internal/common.h:515:16:int16_t tflite::LUTLookup(int16_t, const int16_t*)	32	static
mw/tensorflow/tensorflow/lite/kernels/internal/common.h:813:16:int32_t tflite::GetReciprocal(int32_t, int, int*)	40	static
mw/tensorflow/tensorflow/lite/kernels/internal/reference/softmax.h:31:13:void tflite::reference_ops::Softmax(const tflite::SoftmaxParams&, const tflite::RuntimeShape&, const float*, const tflite::RuntimeShape&, float*)	72	static
/usr/include/newlib/c++/13.2.1/bits/stl_algobase.h:257:5:constexpr const _Tp& std::max(const _Tp&, const _Tp&) [with _Tp = long int]	16	static
mw/tensorflow/tensorflow/lite/kernels/internal/reference/softmax.h:149:16:int16_t tflite::reference_ops::SoftMaxCalculateExp(const tflite::SoftmaxParams&, const int16_t*, int, int16_t, int, int)	48	static
mw/tensorflow/tensorflow/lite/kernels/internal/reference/softmax.h:166:13:void tflite::reference_ops::SoftmaxInt16(const tflite::SoftmaxParams&, const tflite::RuntimeShape&, const int16_t*, const tflite::RuntimeShape&, int16_t*)	208	static
/usr/include/newlib/c++/13.2.1/arm-none-eabi/thumb/v8-m.main+fp/hard/bits/gthr-default.h:229:1:int __gthread_key_delete(__gthread_key_t)	16	static
mw/tensorflow/tensorflow/lite/micro/kernels/softmax.cc:32:6:void tflite::{anonymous}::SoftmaxQuantized(const TfLiteEvalTensor*, TfLiteEvalTensor*, const tflite::SoftmaxParams&)	184	static
mw/tensorflow/tensorflow/lite/micro/kernels/softmax.cc:57:14:TfLiteStatus tflite::{anonymous}::SoftmaxEval(TfLiteContext*, TfLiteNode*)	144	static
mw/tensorflow/tensorflow/lite/micro/kernels/softmax.cc:86:20:TfLiteRegistration tflite::Register_SOFTMAX()	24	static
/usr/include/newlib/c++/13.2.1/bits/stl_algobase.h:233:5:constexpr const _Tp& std::min(const _Tp&, const _Tp&) [with _Tp = long int]	16	static
mw/third_party/gemmlowp/fixedpoint/fixedpoint.h:357:20:IntegerType gemmlowp::RoundingDivideByPOT(IntegerType, int) [with IntegerType = long int]	56	static
mw/tensorflow/tensorflow/lite/kernels/internal/common.h:328:5:int tflite::CountLeadingZeros(T) [with T = long unsigned int]	16	static
mw/third_party/gemmlowp/fixedpoint/fixedpoint.h:481:21:static gemmlowp::FixedPoint<tRawType, tIntegerBits> gemmlowp::FixedPoint<tRawType, tIntegerBits>::FromRaw(RawType) [with tRawType = long int; int tIntegerBits = 0]	32	static
mw/third_party/gemmlowp/fixedpoint/fixedpoint.h:842:25:gemmlowp::FixedPoint<tRawType, 0> gemmlowp::one_over_one_plus_x_for_x_in_0_1(FixedPoint<tRawType, 0>) [with tRawType = long int]	48	static
mw/third_party/gemmlowp/fixedpoint/fixedpoint.h:525:12:gemmlowp::FixedPoint<tRawType, tIntegerBits>::RawType& gemmlowp::FixedPoint<tRawType, tIntegerBits>::raw() [with tRawType = long int; int tIntegerBits = 0]	16	static
mw/third_party/gemmlowp/fixedpoint/fixedpoint.h:687:47:typename FixedPointType::ScalarRawType gemmlowp::RescaleConstantInitializer(int32_t) [with FixedPointType = FixedPoint<long int, 0>]	16	static
mw/third_party/gemmlowp/fixedpoint/fixedpoint.h:487:21:static gemmlowp::FixedPoint<tRawType, tIntegerBits> gemmlowp::FixedPoint<tRawType, tIntegerBits>::FromScalarRaw(ScalarRawType) [with tRawType = long int; int tIntegerBits = 0]	32	static
/usr/include/newlib/c++/13.2.1/bits/stl_algobase.h:257:5:constexpr const _Tp& std::max(const _Tp&, const _Tp&) [with _Tp = float]	16	static
/usr/include/newlib/c++/13.2.1/bits/stl_algobase.h:257:5:constexpr const _Tp& std::max(const _Tp&, const _Tp&) [with _Tp = short int]	16	static
mw/tensorflow/tensorflow/lite/micro/kernels/kernel_util.h:71:10:const T* tflite::micro::GetTensorData(const TfLiteEvalTensor*) [with T = signed char]	16	static
mw/tensorflow/tensorflow/lite/micro/kernels/kernel_util.h:64:4:T* tflite::micro::GetTensorData(TfLiteEvalTensor*) [with T = short int]	16	static
mw/tensorflow/tensorflow/lite/kernels/internal/reference/softmax.h:68:13:void tflite::reference_ops::Softmax(const tflite::SoftmaxParams&, const tflite::RuntimeShape&, const InputT*, const tflite::RuntimeShape&, OutputT*) [with InputT = signed char; OutputT = short int]	136	static
mw/tensorflow/tensorflow/lite/micro/kernels/kernel_util.h:64:4:T* tflite::micro::GetTensorData(TfLiteEvalTensor*) [with T = signed char]	16	static
mw/tensorflow/tensorflow/lite/kernels/internal/reference/softmax.h:68:13:void tflite::reference_ops::Softmax(const tflite::SoftmaxParams&, const tflite::RuntimeShape&, const InputT*, const tflite::RuntimeShape&, OutputT*) [with InputT = signed char; OutputT = signed char]	136	static
mw/tensorflow/tensorflow/lite/micro/kernels/kernel_util.h:71:10:const T* tflite::micro::GetTensorData(const TfLiteEvalTensor*) [with T = short int]	16	static
mw/tensorflow/tensorflow/lite/micro/kernels/kernel_util.h:71:10:const T* tflite::micro::GetTensorData(const TfLiteEvalTensor*) [with T = float]	16	static
mw/tensorflow/tensorflow/lite/micro/kernels/kernel_util.h:64:4:T* tflite::micro::GetTensorData(TfLiteEvalTensor*) [with T = float]	16	static
mw/third_party/gemmlowp/fixedpoint/fixedpoint.h:64:10:tRawType gemmlowp::Dup(typename FixedPointRawTypeTraits<tRawType>::ScalarRawType) [with tRawType = long int]	16	static
mw/third_party/gemmlowp/fixedpoint/fixedpoint.h:70:14:tIntegerType gemmlowp::BitAnd(tIntegerType, tIntegerType) [with tIntegerType = long int]	16	static
mw/third_party/gemmlowp/fixedpoint/fixedpoint.h:140:14:tIntegerType gemmlowp::ShiftRight(tIntegerType, int) [with tIntegerType = long int]	16	static
mw/third_party/gemmlowp/fixedpoint/fixedpoint.h:199:14:tIntegerType gemmlowp::MaskIfLessThan(tIntegerType, tIntegerType) [with tIntegerType = long int]	16	static
mw/third_party/gemmlowp/fixedpoint/fixedpoint.h:94:14:tIntegerType gemmlowp::Add(tIntegerType, tIntegerType) [with tIntegerType = long int]	16	static
mw/third_party/gemmlowp/fixedpoint/fixedpoint.h:185:14:tIntegerType gemmlowp::MaskIfGreaterThan(tIntegerType, tIntegerType) [with tIntegerType = long int]	16	static
mw/third_party/gemmlowp/fixedpoint/fixedpoint.h:508:21:static gemmlowp::FixedPoint<tRawType, tIntegerBits> gemmlowp::FixedPoint<tRawType, tIntegerBits>::One() [with tRawType = long int; int tIntegerBits = 0]	8	static
mw/third_party/gemmlowp/fixedpoint/fixedpoint.h:590:1:gemmlowp::FixedPoint<tRawType, tIntegerBits_a> gemmlowp::RoundingHalfSum(FixedPoint<tRawType, tIntegerBits_a>, FixedPoint<tRawType, tIntegerBits_a>) [with tRawType = long int; int tIntegerBits = 0]	24	static
mw/third_party/gemmlowp/fixedpoint/fixedpoint.h:687:47:typename FixedPointType::ScalarRawType gemmlowp::RescaleConstantInitializer(int32_t) [with FixedPointType = FixedPoint<long int, 2>]	16	static
mw/third_party/gemmlowp/fixedpoint/fixedpoint.h:487:21:static gemmlowp::FixedPoint<tRawType, tIntegerBits> gemmlowp::FixedPoint<tRawType, tIntegerBits>::FromScalarRaw(ScalarRawType) [with tRawType = long int; int tIntegerBits = 2]	32	static
mw/third_party/gemmlowp/fixedpoint/fixedpoint.h:539:55:gemmlowp::FixedPoint<tRawType, (tIntegerBits_a + tIntegerBits_b)> gemmlowp::operator*(FixedPoint<tRawType, tIntegerBits_a>, FixedPoint<tRawType, tIntegerBits_b>) [with tRawType = long int; int tIntegerBits_a = 0; int tIntegerBits_b = 2]	32	static
mw/third_party/gemmlowp/fixedpoint/fixedpoint.h:585:1:gemmlowp::FixedPoint<tRawType, tIntegerBits_a> gemmlowp::operator+(FixedPoint<tRawType, tIntegerBits_a>, FixedPoint<tRawType, tIntegerBits_a>) [with tRawType = long int; int tIntegerBits = 2]	24	static
mw/third_party/gemmlowp/fixedpoint/fixedpoint.h:508:21:static gemmlowp::FixedPoint<tRawType, tIntegerBits> gemmlowp::FixedPoint<tRawType, tIntegerBits>::One() [with tRawType = long int; int tIntegerBits = 2]	8	static
mw/third_party/gemmlowp/fixedpoint/fixedpoint.h:586:1:gemmlowp::FixedPoint<tRawType, tIntegerBits_a> gemmlowp::operator-(FixedPoint<tRawType, tIntegerBits_a>, FixedPoint<tRawType, tIntegerBits_a>) [with tRawType = long int; int tIntegerBits = 2]	24	static
mw/third_party/gemmlowp/fixedpoint/fixedpoint.h:539:55:gemmlowp::FixedPoint<tRawType, (tIntegerBits_a + tIntegerBits_b)> gemmlowp::operator*(FixedPoint<tRawType, tIntegerBits_a>, FixedPoint<tRawType, tIntegerBits_b>) [with tRawType = long int; int tIntegerBits_a = 2; int tIntegerBits_b = 2]	32	static
mw/third_party/gemmlowp/fixedpoint/fixedpoint.h:668:39:gemmlowp::FixedPoint<tRawType, tIntegerBitsDst> gemmlowp::Rescale(FixedPoint<tRawType, tIntegerBits>) [with int tIntegerBitsDst = 2; tRawType = long int; int tIntegerBitsSrc = 4]	32	static
mw/third_party/gemmlowp/fixedpoint/fixedpoint.h:549:48:gemmlowp::FixedPoint<tRawType, (tExponent + tIntegerBits)> gemmlowp::ExactMulByPot(FixedPoint<tRawType, tIntegerBits>) [with int tExponent = -1; tRawType = long int; int tIntegerBits = 2]	32	static
mw/third_party/gemmlowp/fixedpoint/fixedpoint.h:668:39:gemmlowp::FixedPoint<tRawType, tIntegerBitsDst> gemmlowp::Rescale(FixedPoint<tRawType, tIntegerBits>) [with int tIntegerBitsDst = 0; tRawType = long int; int tIntegerBitsSrc = 1]	32	static
mw/third_party/gemmlowp/fixedpoint/fixedpoint.h:416:13:IntegerType gemmlowp::SaturatingRoundingMultiplyByPOT(IntegerType) [with int Exponent = -1; IntegerType = long int]	16	static
mw/third_party/gemmlowp/fixedpoint/fixedpoint.h:105:14:tIntegerType gemmlowp::Sub(tIntegerType, tIntegerType) [with tIntegerType = long int]	16	static
/usr/include/newlib/c++/13.2.1/bits/stl_algobase.h:257:5:constexpr const _Tp& std::max(const _Tp&, const _Tp&) [with _Tp = signed char]	16	static
mw/third_party/gemmlowp/fixedpoint/fixedpoint.h:506:21:static gemmlowp::FixedPoint<tRawType, tIntegerBits> gemmlowp::FixedPoint<tRawType, tIntegerBits>::Zero() [with tRawType = long int; int tIntegerBits = 12]	8	static
mw/third_party/gemmlowp/fixedpoint/fixedpoint.h:481:21:static gemmlowp::FixedPoint<tRawType, tIntegerBits> gemmlowp::FixedPoint<tRawType, tIntegerBits>::FromRaw(RawType) [with tRawType = long int; int tIntegerBits = 5]	32	static
mw/third_party/gemmlowp/fixedpoint/fixedpoint.h:585:1:gemmlowp::FixedPoint<tRawType, tIntegerBits_a> gemmlowp::operator+(FixedPoint<tRawType, tIntegerBits_a>, FixedPoint<tRawType, tIntegerBits_a>) [with tRawType = long int; int tIntegerBits = 12]	24	static
mw/third_party/gemmlowp/fixedpoint/fixedpoint.h:668:39:gemmlowp::FixedPoint<tRawType, tIntegerBitsDst> gemmlowp::Rescale(FixedPoint<tRawType, tIntegerBits>) [with int tIntegerBitsDst = 12; tRawType = long int; int tIntegerBitsSrc = 0]	32	static
mw/third_party/gemmlowp/fixedpoint/fixedpoint.h:746:25:gemmlowp::FixedPoint<tRawType, 0> gemmlowp::exp_on_negative_values(FixedPoint<tRawType, tIntegerBits_a>) [with tRawType = long int; int tIntegerBits = 5]	80	static
mw/third_party/gemmlowp/fixedpoint/fixedpoint.h:525:12:gemmlowp::FixedPoint<tRawType, tIntegerBits>::RawType& gemmlowp::FixedPoint<tRawType, tIntegerBits>::raw() [with tRawType = long int; int tIntegerBits = 12]	16	static
mw/third_party/gemmlowp/fixedpoint/fixedpoint.h:539:55:gemmlowp::FixedPoint<tRawType, (tIntegerBits_a + tIntegerBits_b)> gemmlowp::operator*(FixedPoint<tRawType, tIntegerBits_a>, FixedPoint<tRawType, tIntegerBits_b>) [with tRawType = long int; int tIntegerBits_a = 0; int tIntegerBits_b = 0]	32	static
mw/third_party/gemmlowp/fixedpoint/fixedpoint.h:156:14:tIntegerType gemmlowp::MaskIfNonZero(tIntegerType) [with tIntegerType = long int]	16	static
mw/third_party/gemmlowp/fixedpoint/fixedpoint.h:469:30:static const gemmlowp::FixedPoint<tRawType, tIntegerBits>::ScalarRawType gemmlowp::FixedPoint<tRawType, tIntegerBits>::ScalarRawMax() [with tRawType = long int; int tIntegerBits = 0]	8	static
mw/third_party/gemmlowp/fixedpoint/fixedpoint.h:525:12:gemmlowp::FixedPoint<tRawType, tIntegerBits>::RawType& gemmlowp::FixedPoint<tRawType, tIntegerBits>::raw() [with tRawType = long int; int tIntegerBits = 2]	16	static
mw/third_party/gemmlowp/fixedpoint/fixedpoint.h:481:21:static gemmlowp::FixedPoint<tRawType, tIntegerBits> gemmlowp::FixedPoint<tRawType, tIntegerBits>::FromRaw(RawType) [with tRawType = long int; int tIntegerBits = 2]	32	static
mw/third_party/gemmlowp/fixedpoint/fixedpoint.h:525:12:gemmlowp::FixedPoint<tRawType, tIntegerBits>::RawType& gemmlowp::FixedPoint<tRawType, tIntegerBits>::raw() [with tRawType = long int; int tIntegerBits = 4]	16	static
mw/third_party/gemmlowp/fixedpoint/fixedpoint.h:416:13:IntegerType gemmlowp::SaturatingRoundingMultiplyByPOT(IntegerType) [with int Exponent = 2; IntegerType = long int]	16	static
mw/third_party/gemmlowp/fixedpoint/fixedpoint.h:525:12:gemmlowp::FixedPoint<tRawType, tIntegerBits>::RawType& gemmlowp::FixedPoint<tRawType, tIntegerBits>::raw() [with tRawType = long int; int tIntegerBits = 1]	16	static
mw/third_party/gemmlowp/fixedpoint/fixedpoint.h:416:13:IntegerType gemmlowp::SaturatingRoundingMultiplyByPOT(IntegerType) [with int Exponent = 1; IntegerType = long int]	16	static
mw/third_party/gemmlowp/fixedpoint/fixedpoint.h:410:22:static IntegerType gemmlowp::ImplSaturatingRoundingMultiplyByPOT<Exponent, IntegerType, -1>::eval(IntegerType) [with int Exponent = -1; IntegerType = long int]	16	static
mw/third_party/gemmlowp/fixedpoint/fixedpoint.h:487:21:static gemmlowp::FixedPoint<tRawType, tIntegerBits> gemmlowp::FixedPoint<tRawType, tIntegerBits>::FromScalarRaw(ScalarRawType) [with tRawType = long int; int tIntegerBits = 12]	32	static
mw/third_party/gemmlowp/fixedpoint/fixedpoint.h:525:12:gemmlowp::FixedPoint<tRawType, tIntegerBits>::RawType& gemmlowp::FixedPoint<tRawType, tIntegerBits>::raw() [with tRawType = long int; int tIntegerBits = 5]	16	static
mw/third_party/gemmlowp/fixedpoint/fixedpoint.h:481:21:static gemmlowp::FixedPoint<tRawType, tIntegerBits> gemmlowp::FixedPoint<tRawType, tIntegerBits>::FromRaw(RawType) [with tRawType = long int; int tIntegerBits = 12]	32	static
mw/third_party/gemmlowp/fixedpoint/fixedpoint.h:416:13:IntegerType gemmlowp::SaturatingRoundingMultiplyByPOT(IntegerType) [with int Exponent = -12; IntegerType = long int]	16	static
mw/third_party/gemmlowp/fixedpoint/fixedpoint.h:498:21:static gemmlowp::FixedPoint<tRawType, tIntegerBits> gemmlowp::FixedPoint<tRawType, tIntegerBits>::ConstantPOT() [with int Exponent = -2; tRawType = long int; int tIntegerBits = 5]	8	static
mw/third_party/gemmlowp/fixedpoint/fixedpoint.h:487:21:static gemmlowp::FixedPoint<tRawType, tIntegerBits> gemmlowp::FixedPoint<tRawType, tIntegerBits>::FromScalarRaw(ScalarRawType) [with tRawType = long int; int tIntegerBits = 5]	32	static
mw/third_party/gemmlowp/fixedpoint/fixedpoint.h:586:1:gemmlowp::FixedPoint<tRawType, tIntegerBits_a> gemmlowp::operator-(FixedPoint<tRawType, tIntegerBits_a>, FixedPoint<tRawType, tIntegerBits_a>) [with tRawType = long int; int tIntegerBits = 5]	24	static
mw/third_party/gemmlowp/fixedpoint/fixedpoint.h:587:1:gemmlowp::FixedPoint<tRawType, tIntegerBits_a> gemmlowp::operator&(FixedPoint<tRawType, tIntegerBits_a>, FixedPoint<tRawType, tIntegerBits_a>) [with tRawType = long int; int tIntegerBits = 5]	24	static
mw/third_party/gemmlowp/fixedpoint/fixedpoint.h:668:39:gemmlowp::FixedPoint<tRawType, tIntegerBitsDst> gemmlowp::Rescale(FixedPoint<tRawType, tIntegerBits>) [with int tIntegerBitsDst = 0; tRawType = long int; int tIntegerBitsSrc = 5]	32	static
mw/third_party/gemmlowp/fixedpoint/fixedpoint.h:721:25:gemmlowp::FixedPoint<tRawType, 0> gemmlowp::exp_on_interval_between_negative_one_quarter_and_0_excl(FixedPoint<tRawType, 0>) [with tRawType = long int]	48	static
mw/third_party/gemmlowp/fixedpoint/fixedpoint.h:621:36:gemmlowp::FixedPoint<tRawType, tIntegerBits_a> gemmlowp::SelectUsingMask(tRawType, FixedPoint<tRawType, tIntegerBits_a>, FixedPoint<tRawType, tIntegerBits_a>) [with tRawType = long int; int tIntegerBits = 0]	32	static
mw/third_party/gemmlowp/fixedpoint/fixedpoint.h:608:1:tRawType gemmlowp::MaskIfZero(FixedPoint<tRawType, tIntegerBits_a>) [with tRawType = long int; int tIntegerBits = 5]	16	static
mw/third_party/gemmlowp/fixedpoint/fixedpoint.h:88:14:tIntegerType gemmlowp::BitNot(tIntegerType) [with tIntegerType = long int]	16	static
mw/third_party/gemmlowp/fixedpoint/fixedpoint.h:385:22:static IntegerType gemmlowp::ImplSaturatingRoundingMultiplyByPOT<Exponent, IntegerType, 1>::eval(IntegerType) [with int Exponent = 2; IntegerType = long int]	48	static
mw/third_party/gemmlowp/fixedpoint/fixedpoint.h:385:22:static IntegerType gemmlowp::ImplSaturatingRoundingMultiplyByPOT<Exponent, IntegerType, 1>::eval(IntegerType) [with int Exponent = 1; IntegerType = long int]	48	static
mw/third_party/gemmlowp/fixedpoint/fixedpoint.h:125:14:tIntegerType gemmlowp::ShiftLeft(tIntegerType, int) [with tIntegerType = long int]	56	static
mw/third_party/gemmlowp/fixedpoint/fixedpoint.h:148:14:tIntegerType gemmlowp::SelectUsingMask(tIntegerType, tIntegerType, tIntegerType) [with tIntegerType = long int]	32	static
mw/third_party/gemmlowp/fixedpoint/fixedpoint.h:410:22:static IntegerType gemmlowp::ImplSaturatingRoundingMultiplyByPOT<Exponent, IntegerType, -1>::eval(IntegerType) [with int Exponent = -12; IntegerType = long int]	16	static
mw/third_party/gemmlowp/fixedpoint/fixedpoint.h:416:13:IntegerType gemmlowp::SaturatingRoundingMultiplyByPOT(IntegerType) [with int Exponent = 5; IntegerType = long int]	16	static
mw/third_party/gemmlowp/fixedpoint/fixedpoint.h:498:21:static gemmlowp::FixedPoint<tRawType, tIntegerBits> gemmlowp::FixedPoint<tRawType, tIntegerBits>::ConstantPOT() [with int Exponent = -3; tRawType = long int; int tIntegerBits = 0]	8	static
mw/third_party/gemmlowp/fixedpoint/fixedpoint.h:585:1:gemmlowp::FixedPoint<tRawType, tIntegerBits_a> gemmlowp::operator+(FixedPoint<tRawType, tIntegerBits_a>, FixedPoint<tRawType, tIntegerBits_a>) [with tRawType = long int; int tIntegerBits = 0]	24	static
mw/third_party/gemmlowp/fixedpoint/fixedpoint.h:559:36:gemmlowp::FixedPoint<tRawType, tIntegerBits> gemmlowp::SaturatingRoundingMultiplyByPOT(FixedPoint<tRawType, tIntegerBits>) [with int tExponent = -2; tRawType = long int; int tIntegerBits = 0]	16	static
mw/third_party/gemmlowp/fixedpoint/fixedpoint.h:559:36:gemmlowp::FixedPoint<tRawType, tIntegerBits> gemmlowp::SaturatingRoundingMultiplyByPOT(FixedPoint<tRawType, tIntegerBits>) [with int tExponent = -1; tRawType = long int; int tIntegerBits = 0]	16	static
mw/third_party/gemmlowp/fixedpoint/fixedpoint.h:649:36:gemmlowp::FixedPoint<tRawType, tIntegerBits_a> gemmlowp::AddSaturatingIf16Bit(FixedPoint<tRawType, tIntegerBits_a>, FixedPoint<tRawType, tIntegerBits_a>) [with tRawType = long int; int tIntegerBits = 0]	24	static
mw/third_party/gemmlowp/fixedpoint/fixedpoint.h:164:14:tIntegerType gemmlowp::MaskIfZero(tIntegerType) [with tIntegerType = long int]	16	static
mw/third_party/gemmlowp/fixedpoint/fixedpoint.h:82:14:tIntegerType gemmlowp::BitXor(tIntegerType, tIntegerType) [with tIntegerType = long int]	16	static
mw/third_party/gemmlowp/fixedpoint/fixedpoint.h:385:22:static IntegerType gemmlowp::ImplSaturatingRoundingMultiplyByPOT<Exponent, IntegerType, 1>::eval(IntegerType) [with int Exponent = 5; IntegerType = long int]	48	static
mw/third_party/gemmlowp/fixedpoint/fixedpoint.h:416:13:IntegerType gemmlowp::SaturatingRoundingMultiplyByPOT(IntegerType) [with int Exponent = -2; IntegerType = long int]	16	static
mw/third_party/gemmlowp/fixedpoint/fixedpoint.h:284:13:IntegerType gemmlowp::AddSaturatingIf16Bit(IntegerType, IntegerType) [with IntegerType = long int]	16	static
mw/third_party/gemmlowp/fixedpoint/fixedpoint.h:410:22:static IntegerType gemmlowp::ImplSaturatingRoundingMultiplyByPOT<Exponent, IntegerType, -1>::eval(IntegerType) [with int Exponent = -2; IntegerType = long int]	16	static
mw/third_party/gemmlowp/fixedpoint/fixedpoint.h:275:22:static IntegerType gemmlowp::AddSaturatingIf16BitImpl<IntegerType, Is16Bit>::Run(IntegerType, IntegerType) [with IntegerType = long int; bool Is16Bit = false]	16	static
